-- start_ignore
DROP ROLE IF EXISTS r1;
DROP
DROP RESOURCE GROUP rg1;
ERROR:  resource group "rg1" does not exist
-- end_ignore

CREATE RESOURCE GROUP rg1 WITH (concurrency=2, cpu_hard_quota_limit=10);
CREATE
CREATE ROLE r1 RESOURCE GROUP rg1;
CREATE

1: SET ROLE r1;
SET
1: BEGIN;
BEGIN
1: END;
END

ALTER ROLE r1 RESOURCE GROUP none;
ALTER
DROP RESOURCE GROUP rg1;
DROP
CREATE RESOURCE GROUP rg1 WITH (concurrency=2, cpu_hard_quota_limit=10);
CREATE
ALTER ROLE r1 RESOURCE GROUP rg1;
ALTER

1: BEGIN;
BEGIN
1: END;
END

DROP ROLE r1;
DROP
DROP RESOURCE GROUP rg1;
DROP
